To honour the JVM settings for this build a single-use Daemon process will be forked. For more on this, please refer to https://docs.gradle.org/9.4.0/userguide/gradle_daemon.html#sec:disabling_the_daemon in the Gradle documentation.
Daemon will be stopped at the end of the build 

> Configure project :
Fabric Loom: 1.16.3

> Task :compileJava
.\gradlew.bat : 
C:\Users\User\Documents\MODS\java\autism-client-addons\src\main\java\autismclient\AutismClientMod.java:20: error: 
cannot access ClientTickEvents
At line:1 char:1
+ .\gradlew.bat compileJava --no-daemon > compile_output.txt 2>&1
+ ~~~~~~~~~~~~~~~~~~~~~~~~~~~~~~~~~~~~~~~~~~~~~~~~~~~~~~~~~~~~~~~
    + CategoryInfo          : NotSpecified: (C:\Users\User\D...lientTickEvents:String) [], RemoteException
    + FullyQualifiedErrorId : NativeCommandError
 
import net.fabricmc.fabric.api.client.event.lifecycle.v1.ClientTickEvents;
                                                        ^
  bad class file: C:\Users\User\.gradle\caches\modules-2\files-2.1\net.fabricmc.fabric-api\fabric-lifecycle-events-v1\4
.1.0+6d50a0854c\52281bf82f04922d65a30d3f91975feb00911826\fabric-lifecycle-events-v1-4.1.0+6d50a0854c.jar(/net/fabricmc/
fabric/api/client/event/lifecycle/v1/ClientTickEvents.class)
    class file has wrong version 69.0, should be 66.0
    Please remove or make sure it appears in the correct subdirectory of the classpath.
C:\Users\User\Documents\MODS\java\autism-client-addons\src\main\java\autismclient\AutismClientMod.java:21: error: 
cannot access ItemTooltipCallback
import net.fabricmc.fabric.api.client.item.v1.ItemTooltipCallback;
                                             ^
  bad class file: C:\Users\User\.gradle\caches\modules-2\files-2.1\net.fabricmc.fabric-api\fabric-item-api-v1\14.1.1+73
d134684c\263b544a364fe5cfeb664313a1dc9f36f9df646f\fabric-item-api-v1-14.1.1+73d134684c.jar(/net/fabricmc/fabric/api/cli
ent/item/v1/ItemTooltipCallback.class)
    class file has wrong version 69.0, should be 66.0
    Please remove or make sure it appears in the correct subdirectory of the classpath.
C:\Users\User\Documents\MODS\java\autism-client-addons\src\main\java\autismclient\AutismClientMod.java:22: error: 
cannot access ClientConfigurationConnectionEvents
import net.fabricmc.fabric.api.client.networking.v1.ClientConfigurationConnectionEvents;
                                                   ^
  bad class file: C:\Users\User\.gradle\caches\modules-2\files-2.1\net.fabricmc.fabric-api\fabric-networking-api-v1\6.3
.0+50a808ce4c\2ba716f3fff36dd84f6498e8c067545922ae370\fabric-networking-api-v1-6.3.0+50a808ce4c.jar(/net/fabricmc/fabri
c/api/client/networking/v1/ClientConfigurationConnectionEvents.class)
    class file has wrong version 69.0, should be 66.0
    Please remove or make sure it appears in the correct subdirectory of the classpath.
C:\Users\User\Documents\MODS\java\autism-client-addons\src\main\java\autismclient\AutismClientMod.java:23: error: 
cannot access ClientPlayConnectionEvents
import net.fabricmc.fabric.api.client.networking.v1.ClientPlayConnectionEvents;
                                                   ^
  bad class file: C:\Users\User\.gradle\caches\modules-2\files-2.1\net.fabricmc.fabric-api\fabric-networking-api-v1\6.3
.0+50a808ce4c\2ba716f3fff36dd84f6498e8c067545922ae370\fabric-networking-api-v1-6.3.0+50a808ce4c.jar(/net/fabricmc/fabri
c/api/client/networking/v1/ClientPlayConnectionEvents.class)
    class file has wrong version 69.0, should be 66.0
    Please remove or make sure it appears in the correct subdirectory of the classpath.
C:\Users\User\Documents\MODS\java\autism-client-addons\src\main\java\autismclient\AutismClientMod.java:24: error: 
cannot access ResourceManagerHelper
import net.fabricmc.fabric.api.resource.ResourceManagerHelper;
                                       ^
  bad class file: C:\Users\User\.gradle\caches\modules-2\files-2.1\net.fabricmc.fabric-api\fabric-resource-loader-v0\3.
3.16+4fc5413f4c\3e41a04cec5889b00a4d5bc5205927d17d353b31\fabric-resource-loader-v0-3.3.16+4fc5413f4c.jar(/net/fabricmc/
fabric/api/resource/ResourceManagerHelper.class)
    class file has wrong version 69.0, should be 66.0
    Please remove or make sure it appears in the correct subdirectory of the classpath.
C:\Users\User\Documents\MODS\java\autism-client-addons\src\main\java\autismclient\AutismClientMod.java:25: error: 
cannot access PackType
import net.minecraft.server.packs.PackType;
                                 ^
  bad class file: C:\Users\User\Documents\MODS\java\autism-client-addons\.gradle\loom-cache\minecraftMaven\net\minecraf
t\minecraft-merged-a26c9a9f3c\26.1.2\minecraft-merged-a26c9a9f3c-26.1.2.jar(/net/minecraft/server/packs/PackType.class)
    class file has wrong version 69.0, should be 66.0
    Please remove or make sure it appears in the correct subdirectory of the classpath.
C:\Users\User\Documents\MODS\java\autism-client-addons\src\main\java\autismclient\commands\args\KeyArgumentType.java:11
: error: cannot access Component
import net.minecraft.network.chat.Component;
                                 ^
  bad class file: C:\Users\User\Documents\MODS\java\autism-client-addons\.gradle\loom-cache\minecraftMaven\net\minecraf
t\minecraft-merged-a26c9a9f3c\26.1.2\minecraft-merged-a26c9a9f3c-26.1.2.jar(/net/minecraft/network/chat/Component.class
)
    class file has wrong version 69.0, should be 66.0
    Please remove or make sure it appears in the correct subdirectory of the classpath.
C:\Users\User\Documents\MODS\java\autism-client-addons\src\main\java\autismclient\commands\AutismCommandSource.java:3: 
error: cannot access Minecraft
import net.minecraft.client.Minecraft;
                           ^
  bad class file: C:\Users\User\Documents\MODS\java\autism-client-addons\.gradle\loom-cache\minecraftMaven\net\minecraf
t\minecraft-merged-a26c9a9f3c\26.1.2\minecraft-merged-a26c9a9f3c-26.1.2.jar(/net/minecraft/client/Minecraft.class)
    class file has wrong version 69.0, should be 66.0
    Please remove or make sure it appears in the correct subdirectory of the classpath.
C:\Users\User\Documents\MODS\java\autism-client-addons\src\main\java\autismclient\commands\AutismCommandSource.java:4: 
error: cannot access LocalPlayer
import net.minecraft.client.player.LocalPlayer;
                                  ^
  bad class file: C:\Users\User\Documents\MODS\java\autism-client-addons\.gradle\loom-cache\minecraftMaven\net\minecraf
t\minecraft-merged-a26c9a9f3c\26.1.2\minecraft-merged-a26c9a9f3c-26.1.2.jar(/net/minecraft/client/player/LocalPlayer.cl
ass)
    class file has wrong version 69.0, should be 66.0
    Please remove or make sure it appears in the correct subdirectory of the classpath.
C:\Users\User\Documents\MODS\java\autism-client-addons\src\main\java\autismclient\commands\AutismCommandSource.java:5: 
error: cannot access ClientPacketListener
import net.minecraft.client.multiplayer.ClientPacketListener;
                                       ^
  bad class file: C:\Users\User\Documents\MODS\java\autism-client-addons\.gradle\loom-cache\minecraftMaven\net\minecraf
t\minecraft-merged-a26c9a9f3c\26.1.2\minecraft-merged-a26c9a9f3c-26.1.2.jar(/net/minecraft/client/multiplayer/ClientPac
ketListener.class)
    class file has wrong version 69.0, should be 66.0
    Please remove or make sure it appears in the correct subdirectory of the classpath.
C:\Users\User\Documents\MODS\java\autism-client-addons\src\main\java\autismclient\commands\AutismCommandSource.java:12:
 error: cannot find symbol
    public Minecraft mc() { return Minecraft.getInstance(); }
           ^
  symbol:   class Minecraft
  location: class AutismCommandSource
C:\Users\User\Documents\MODS\java\autism-client-addons\src\main\java\autismclient\commands\AutismCommandSource.java:13:
 error: cannot find symbol
    public LocalPlayer player() { return Minecraft.getInstance().player; }
           ^
  symbol:   class LocalPlayer
  location: class AutismCommandSource
C:\Users\User\Documents\MODS\java\autism-client-addons\src\main\java\autismclient\commands\AutismCommandSource.java:14:
 error: cannot find symbol
    public ClientPacketListener connection() { return Minecraft.getInstance().getConnection(); }
           ^
  symbol:   class ClientPacketListener
  location: class AutismCommandSource
C:\Users\User\Documents\MODS\java\autism-client-addons\src\main\java\autismclient\commands\args\PacketClassArgumentType
.java:11: error: cannot access Packet
import net.minecraft.network.protocol.Packet;
                                     ^
  bad class file: C:\Users\User\Documents\MODS\java\autism-client-addons\.gradle\loom-cache\minecraftMaven\net\minecraf
t\minecraft-merged-a26c9a9f3c\26.1.2\minecraft-merged-a26c9a9f3c-26.1.2.jar(/net/minecraft/network/protocol/Packet.clas
s)
    class file has wrong version 69.0, should be 66.0
    Please remove or make sure it appears in the correct subdirectory of the classpath.
C:\Users\User\Documents\MODS\java\autism-client-addons\src\main\java\autismclient\commands\CommandSuggest.java:6: 
error: cannot access BuiltInRegistries
import net.minecraft.core.registries.BuiltInRegistries;
                                    ^
  bad class file: C:\Users\User\Documents\MODS\java\autism-client-addons\.gradle\loom-cache\minecraftMaven\net\minecraf
t\minecraft-merged-a26c9a9f3c\26.1.2\minecraft-merged-a26c9a9f3c-26.1.2.jar(/net/minecraft/core/registries/BuiltInRegis
tries.class)
    class file has wrong version 69.0, should be 66.0
    Please remove or make sure it appears in the correct subdirectory of the classpath.
C:\Users\User\Documents\MODS\java\autism-client-addons\src\main\java\autismclient\commands\CommandSuggest.java:7: 
error: cannot access Identifier
import net.minecraft.resources.Identifier;
                              ^
  bad class file: C:\Users\User\Documents\MODS\java\autism-client-addons\.gradle\loom-cache\minecraftMaven\net\minecraf
t\minecraft-merged-a26c9a9f3c\26.1.2\minecraft-merged-a26c9a9f3c-26.1.2.jar(/net/minecraft/resources/Identifier.class)
    class file has wrong version 69.0, should be 66.0
    Please remove or make sure it appears in the correct subdirectory of the classpath.
C:\Users\User\Documents\MODS\java\autism-client-addons\src\main\java\autismclient\commands\impl\DismountCommand.java:8:
 error: cannot access ServerboundPlayerInputPacket
import net.minecraft.network.protocol.game.ServerboundPlayerInputPacket;
                                          ^
  bad class file: C:\Users\User\Documents\MODS\java\autism-client-addons\.gradle\loom-cache\minecraftMaven\net\minecraf
t\minecraft-merged-a26c9a9f3c\26.1.2\minecraft-merged-a26c9a9f3c-26.1.2.jar(/net/minecraft/network/protocol/game/Server
boundPlayerInputPacket.class)
    class file has wrong version 69.0, should be 66.0
    Please remove or make sure it appears in the correct subdirectory of the classpath.
C:\Users\User\Documents\MODS\java\autism-client-addons\src\main\java\autismclient\commands\impl\DropCommand.java:9: 
error: cannot access ServerboundPlayerActionPacket
import net.minecraft.network.protocol.game.ServerboundPlayerActionPacket;
                                          ^
  bad class file: C:\Users\User\Documents\MODS\java\autism-client-addons\.gradle\loom-cache\minecraftMaven\net\minecraf
t\minecraft-merged-a26c9a9f3c\26.1.2\minecraft-merged-a26c9a9f3c-26.1.2.jar(/net/minecraft/network/protocol/game/Server
boundPlayerActionPacket.class)
    class file has wrong version 69.0, should be 66.0
    Please remove or make sure it appears in the correct subdirectory of the classpath.
C:\Users\User\Documents\MODS\java\autism-client-addons\src\main\java\autismclient\commands\impl\DropCommand.java:10: 
error: cannot access BlockPos
import net.minecraft.core.BlockPos;
                         ^
  bad class file: C:\Users\User\Documents\MODS\java\autism-client-addons\.gradle\loom-cache\minecraftMaven\net\minecraf
t\minecraft-merged-a26c9a9f3c\26.1.2\minecraft-merged-a26c9a9f3c-26.1.2.jar(/net/minecraft/core/BlockPos.class)
    class file has wrong version 69.0, should be 66.0
    Please remove or make sure it appears in the correct subdirectory of the classpath.
C:\Users\User\Documents\MODS\java\autism-client-addons\src\main\java\autismclient\commands\impl\DropCommand.java:11: 
error: cannot access Direction
import net.minecraft.core.Direction;
                         ^
  bad class file: C:\Users\User\Documents\MODS\java\autism-client-addons\.gradle\loom-cache\minecraftMaven\net\minecraf
t\minecraft-merged-a26c9a9f3c\26.1.2\minecraft-merged-a26c9a9f3c-26.1.2.jar(/net/minecraft/core/Direction.class)
    class file has wrong version 69.0, should be 66.0
    Please remove or make sure it appears in the correct subdirectory of the classpath.
C:\Users\User\Documents\MODS\java\autism-client-addons\src\main\java\autismclient\commands\impl\DropCommand.java:24: 
error: cannot find symbol
    private static LocalPlayer player() { return Minecraft.getInstance().player; }
                   ^
  symbol:   class LocalPlayer
  location: class DropCommand
C:\Users\User\Documents\MODS\java\autism-client-addons\src\main\java\autismclient\commands\impl\GamemodeCommand.java:12
: error: cannot access GameType
import net.minecraft.world.level.GameType;
                                ^
  bad class file: C:\Users\User\Documents\MODS\java\autism-client-addons\.gradle\loom-cache\minecraftMaven\net\minecraf
t\minecraft-merged-a26c9a9f3c\26.1.2\minecraft-merged-a26c9a9f3c-26.1.2.jar(/net/minecraft/world/level/GameType.class)
    class file has wrong version 69.0, should be 66.0
    Please remove or make sure it appears in the correct subdirectory of the classpath.
C:\Users\User\Documents\MODS\java\autism-client-addons\src\main\java\autismclient\commands\impl\GiveCommand.java:14: 
error: cannot access ServerboundSetCreativeModeSlotPacket
import net.minecraft.network.protocol.game.ServerboundSetCreativeModeSlotPacket;
                                          ^
  bad class file: C:\Users\User\Documents\MODS\java\autism-client-addons\.gradle\loom-cache\minecraftMaven\net\minecraf
t\minecraft-merged-a26c9a9f3c\26.1.2\minecraft-merged-a26c9a9f3c-26.1.2.jar(/net/minecraft/network/protocol/game/Server
boundSetCreativeModeSlotPacket.class)
    class file has wrong version 69.0, should be 66.0
    Please remove or make sure it appears in the correct subdirectory of the classpath.
C:\Users\User\Documents\MODS\java\autism-client-addons\src\main\java\autismclient\commands\impl\GiveCommand.java:16: 
error: cannot access Item
import net.minecraft.world.item.Item;
                               ^
  bad class file: C:\Users\User\Documents\MODS\java\autism-client-addons\.gradle\loom-cache\minecraftMaven\net\minecraf
t\minecraft-merged-a26c9a9f3c\26.1.2\minecraft-merged-a26c9a9f3c-26.1.2.jar(/net/minecraft/world/item/Item.class)
    class file has wrong version 69.0, should be 66.0
    Please remove or make sure it appears in the correct subdirectory of the classpath.
C:\Users\User\Documents\MODS\java\autism-client-addons\src\main\java\autismclient\commands\impl\GiveCommand.java:17: 
error: cannot access ItemStack
import net.minecraft.world.item.ItemStack;
                               ^
  bad class file: C:\Users\User\Documents\MODS\java\autism-client-addons\.gradle\loom-cache\minecraftMaven\net\minecraf
t\minecraft-merged-a26c9a9f3c\26.1.2\minecraft-merged-a26c9a9f3c-26.1.2.jar(/net/minecraft/world/item/ItemStack.class)
    class file has wrong version 69.0, should be 66.0
    Please remove or make sure it appears in the correct subdirectory of the classpath.
C:\Users\User\Documents\MODS\java\autism-client-addons\src\main\java\autismclient\util\macro\HClipAction.java:7: 
error: cannot access CompoundTag
import net.minecraft.nbt.CompoundTag;
                        ^
  bad class file: C:\Users\User\Documents\MODS\java\autism-client-addons\.gradle\loom-cache\minecraftMaven\net\minecraf
t\minecraft-merged-a26c9a9f3c\26.1.2\minecraft-merged-a26c9a9f3c-26.1.2.jar(/net/minecraft/nbt/CompoundTag.class)
    class file has wrong version 69.0, should be 66.0
    Please remove or make sure it appears in the correct subdirectory of the classpath.
C:\Users\User\Documents\MODS\java\autism-client-addons\src\main\java\autismclient\util\macro\HClipAction.java:8: 
error: cannot access ServerboundMovePlayerPacket
import net.minecraft.network.protocol.game.ServerboundMovePlayerPacket;
                                          ^
  bad class file: C:\Users\User\Documents\MODS\java\autism-client-addons\.gradle\loom-cache\minecraftMaven\net\minecraf
t\minecraft-merged-a26c9a9f3c\26.1.2\minecraft-merged-a26c9a9f3c-26.1.2.jar(/net/minecraft/network/protocol/game/Server
boundMovePlayerPacket.class)
    class file has wrong version 69.0, should be 66.0
    Please remove or make sure it appears in the correct subdirectory of the classpath.
C:\Users\User\Documents\MODS\java\autism-client-addons\src\main\java\autismclient\util\macro\HClipAction.java:9: 
error: cannot access ServerboundMoveVehiclePacket
import net.minecraft.network.protocol.game.ServerboundMoveVehiclePacket;
                                          ^
  bad class file: C:\Users\User\Documents\MODS\java\autism-client-addons\.gradle\loom-cache\minecraftMaven\net\minecraf
t\minecraft-merged-a26c9a9f3c\26.1.2\minecraft-merged-a26c9a9f3c-26.1.2.jar(/net/minecraft/network/protocol/game/Server
boundMoveVehiclePacket.class)
    class file has wrong version 69.0, should be 66.0
    Please remove or make sure it appears in the correct subdirectory of the classpath.
C:\Users\User\Documents\MODS\java\autism-client-addons\src\main\java\autismclient\util\macro\HClipAction.java:10: 
error: cannot access Entity
import net.minecraft.world.entity.Entity;
                                 ^
  bad class file: C:\Users\User\Documents\MODS\java\autism-client-addons\.gradle\loom-cache\minecraftMaven\net\minecraf
t\minecraft-merged-a26c9a9f3c\26.1.2\minecraft-merged-a26c9a9f3c-26.1.2.jar(/net/minecraft/world/entity/Entity.class)
    class file has wrong version 69.0, should be 66.0
    Please remove or make sure it appears in the correct subdirectory of the classpath.
C:\Users\User\Documents\MODS\java\autism-client-addons\src\main\java\autismclient\util\macro\HClipAction.java:11: 
error: cannot access Vec3
import net.minecraft.world.phys.Vec3;
                               ^
  bad class file: C:\Users\User\Documents\MODS\java\autism-client-addons\.gradle\loom-cache\minecraftMaven\net\minecraf
t\minecraft-merged-a26c9a9f3c\26.1.2\minecraft-merged-a26c9a9f3c-26.1.2.jar(/net/minecraft/world/phys/Vec3.class)
    class file has wrong version 69.0, should be 66.0
    Please remove or make sure it appears in the correct subdirectory of the classpath.
C:\Users\User\Documents\MODS\java\autism-client-addons\src\main\java\autismclient\util\macro\HClipAction.java:844: 
error: cannot find symbol
    private record HClipPlan(boolean success, double originY, List<Vec3> waypoints, String message) {
                                                                   ^
  symbol:   class Vec3
  location: class HClipPlan
C:\Users\User\Documents\MODS\java\autism-client-addons\src\main\java\autismclient\util\macro\HClipAction.java:84: 
error: cannot find symbol
    public void execute(Minecraft mc) {
                        ^
  symbol:   class Minecraft
  location: class HClipAction
C:\Users\User\Documents\MODS\java\autism-client-addons\src\main\java\autismclient\util\macro\HClipAction.java:100: 
error: cannot find symbol
    public static Result perform(Minecraft mc, Options options) {
                                 ^
  symbol:   class Minecraft
  location: class HClipAction
C:\Users\User\Documents\MODS\java\autism-client-addons\src\main\java\autismclient\util\macro\HClipAction.java:181: 
error: cannot find symbol
    private static int sendWaypointFallSafe(Minecraft mc, Vec3 from, Vec3 to, boolean grounded) {
                                            ^
  symbol:   class Minecraft
  location: class HClipAction
C:\Users\User\Documents\MODS\java\autism-client-addons\src\main\java\autismclient\util\macro\HClipAction.java:181: 
error: cannot find symbol
    private static int sendWaypointFallSafe(Minecraft mc, Vec3 from, Vec3 to, boolean grounded) {
                                                          ^
  symbol:   class Vec3
  location: class HClipAction
C:\Users\User\Documents\MODS\java\autism-client-addons\src\main\java\autismclient\util\macro\HClipAction.java:181: 
error: cannot find symbol
    private static int sendWaypointFallSafe(Minecraft mc, Vec3 from, Vec3 to, boolean grounded) {
                                                                     ^
  symbol:   class Vec3
  location: class HClipAction
C:\Users\User\Documents\MODS\java\autism-client-addons\src\main\java\autismclient\util\macro\HClipAction.java:194: 
error: cannot find symbol
    private static void clearLocalFallState(LocalPlayer player) {
                                            ^
  symbol:   class LocalPlayer
  location: class HClipAction
C:\Users\User\Documents\MODS\java\autism-client-addons\src\main\java\autismclient\util\macro\HClipAction.java:202: 
error: cannot find symbol
    private static HClipPlan planRoute(LocalPlayer player, double deltaX, double deltaZ, double blocks, Options 
options) {
                                       ^
  symbol:   class LocalPlayer
  location: class HClipAction
C:\Users\User\Documents\MODS\java\autism-client-addons\src\main\java\autismclient\util\macro\HClipAction.java:244: 
error: cannot find symbol
    private static AutoHorizontalTarget resolveAutoHorizontalTarget(LocalPlayer player, Options options) {
                                                                    ^
  symbol:   class LocalPlayer
  location: class HClipAction
C:\Users\User\Documents\MODS\java\autism-client-addons\src\main\java\autismclient\util\macro\HClipAction.java:782: 
error: cannot find symbol
    private record RouteContext(LocalPlayer player, Vec3 start, Vec3 requestedTarget, ClipFrame frame, int radius, int 
verticalRange, int routeCap) {}
                                ^
  symbol:   class LocalPlayer
  location: class RouteContext
C:\Users\User\Documents\MODS\java\autism-client-addons\src\main\java\autismclient\util\macro\HClipAction.java:782: 
error: cannot find symbol
    private record RouteContext(LocalPlayer player, Vec3 start, Vec3 requestedTarget, ClipFrame frame, int radius, int 
verticalRange, int routeCap) {}
                                                    ^
  symbol:   class Vec3
  location: class RouteContext
C:\Users\User\Documents\MODS\java\autism-client-addons\src\main\java\autismclient\util\macro\HClipAction.java:782: 
error: cannot find symbol
    private record RouteContext(LocalPlayer player, Vec3 start, Vec3 requestedTarget, ClipFrame frame, int radius, int 
verticalRange, int routeCap) {}
                                                                ^
  symbol:   class Vec3
  location: class RouteContext
C:\Users\User\Documents\MODS\java\autism-client-addons\src\main\java\autismclient\util\macro\HClipAction.java:772: 
error: cannot find symbol
    private record ClipFrame(double forwardX, double forwardZ, double sideX, double sideZ, int targetForward, Vec3 
target) {
                                                                                                              ^
  symbol:   class Vec3
  location: class ClipFrame
C:\Users\User\Documents\MODS\java\autism-client-addons\src\main\java\autismclient\util\macro\HClipAction.java:784: 
error: cannot find symbol
    private record RoutePoint(GridKey key, Vec3 pos, boolean endpoint, boolean exact, int endpointTier, int 
minPackets, double targetDistance, double sideError, double yError, double forwardError) {
                                           ^
  symbol:   class Vec3
  location: class RoutePoint
C:\Users\User\Documents\MODS\java\autism-client-addons\src\main\java\autismclient\util\macro\HClipAction.java:785: 
error: cannot find symbol
        RoutePoint(GridKey key, Vec3 pos, boolean exact, int endpointTier, int minPackets, double targetDistance, 
double sideError, double yError, double forwardError) {
                                ^
  symbol:   class Vec3
  location: class RoutePoint
C:\Users\User\Documents\MODS\java\autism-client-addons\src\main\java\autismclient\util\macro\HClipAction.java:687: 
error: cannot find symbol
    private static boolean canPacketEdge(LocalPlayer player, RoutePoint from, RoutePoint to) {
                                         ^
  symbol:   class LocalPlayer
  location: class HClipAction
C:\Users\User\Documents\MODS\java\autism-client-addons\src\main\java\autismclient\util\macro\HClipAction.java:702: 
error: cannot find symbol
    private static double routeQuality(RouteContext ctx, List<Vec3> route) {
                                                              ^
  symbol:   class Vec3
  location: class HClipAction
C:\Users\User\Documents\MODS\java\autism-client-addons\src\main\java\autismclient\util\macro\HClipAction.java:717: 
error: cannot find symbol
    private static List<Vec3> reconstruct(List<RoutePoint> points, PathNode node) {
                        ^
  symbol:   class Vec3
  location: class HClipAction
C:\Users\User\Documents\MODS\java\autism-client-addons\src\main\java\autismclient\util\macro\HClipAction.java:725: 
error: cannot find symbol
    private static List<Vec3> cleanupRoute(Vec3 start, List<Vec3> route) {
                                           ^
  symbol:   class Vec3
  location: class HClipAction
C:\Users\User\Documents\MODS\java\autism-client-addons\src\main\java\autismclient\util\macro\HClipAction.java:725: 
error: cannot find symbol
    private static List<Vec3> cleanupRoute(Vec3 start, List<Vec3> route) {
                                                            ^
  symbol:   class Vec3
  location: class HClipAction
C:\Users\User\Documents\MODS\java\autism-client-addons\src\main\java\autismclient\util\macro\HClipAction.java:725: 
error: cannot find symbol
    private static List<Vec3> cleanupRoute(Vec3 start, List<Vec3> route) {
                        ^
  symbol:   class Vec3
  location: class HClipAction
C:\Users\User\Documents\MODS\java\autism-client-addons\src\main\java\autismclient\util\macro\HClipAction.java:736: 
error: cannot find symbol
    private static boolean samePosition(Vec3 a, Vec3 b) {
                                        ^
  symbol:   class Vec3
  location: class HClipAction
C:\Users\User\Documents\MODS\java\autism-client-addons\src\main\java\autismclient\util\macro\HClipAction.java:736: 
error: cannot find symbol
    private static boolean samePosition(Vec3 a, Vec3 b) {
                                                ^
  symbol:   class Vec3
  location: class HClipAction
C:\Users\User\Documents\MODS\java\autism-client-addons\src\main\java\autismclient\util\macro\HClipAction.java:742: 
error: cannot find symbol
    private static Vec3 positionFor(Vec3 start, ClipFrame frame, GridKey key) {
                                    ^
  symbol:   class Vec3
  location: class HClipAction
C:\Users\User\Documents\MODS\java\autism-client-addons\src\main\java\autismclient\util\macro\HClipAction.java:742: 
error: cannot find symbol
    private static Vec3 positionFor(Vec3 start, ClipFrame frame, GridKey key) {
                   ^
  symbol:   class Vec3
  location: class HClipAction
C:\Users\User\Documents\MODS\java\autism-client-addons\src\main\java\autismclient\util\macro\HClipAction.java:750: 
error: cannot find symbol
    private static boolean isPositionLoaded(LocalPlayer player, Vec3 pos) {
                                            ^
  symbol:   class LocalPlayer
  location: class HClipAction
C:\Users\User\Documents\MODS\java\autism-client-addons\src\main\java\autismclient\util\macro\HClipAction.java:750: 
error: cannot find symbol
    private static boolean isPositionLoaded(LocalPlayer player, Vec3 pos) {
                                                                ^
  symbol:   class Vec3
  location: class HClipAction
C:\Users\User\Documents\MODS\java\autism-client-addons\src\main\java\autismclient\util\macro\HClipAction.java:754: 
error: cannot find symbol
    private static boolean hasClearHorizontalPath(LocalPlayer player, Vec3 from, Vec3 to) {
                                                  ^
  symbol:   class LocalPlayer
  location: class HClipAction
C:\Users\User\Documents\MODS\java\autism-client-addons\src\main\java\autismclient\util\macro\HClipAction.java:754: 
error: cannot find symbol
    private static boolean hasClearHorizontalPath(LocalPlayer player, Vec3 from, Vec3 to) {
                                                                      ^
  symbol:   class Vec3
  location: class HClipAction
C:\Users\User\Documents\MODS\java\autism-client-addons\src\main\java\autismclient\util\macro\HClipAction.java:754: 
error: cannot find symbol
    private static boolean hasClearHorizontalPath(LocalPlayer player, Vec3 from, Vec3 to) {
                                                                                 ^
  symbol:   class Vec3
  location: class HClipAction
C:\Users\User\Documents\MODS\java\autism-client-addons\src\main\java\autismclient\util\macro\HClipAction.java:767: 
error: cannot find symbol
    private static boolean isPositionClear(LocalPlayer player, Vec3 pos) {
                                           ^
  symbol:   class LocalPlayer
  location: class HClipAction
C:\Users\User\Documents\MODS\java\autism-client-addons\src\main\java\autismclient\util\macro\HClipAction.java:767: 
error: cannot find symbol
    private static boolean isPositionClear(LocalPlayer player, Vec3 pos) {
                                                               ^
  symbol:   class Vec3
  location: class HClipAction
C:\Users\User\Documents\MODS\java\autism-client-addons\src\main\java\autismclient\util\macro\HClipAction.java:869: 
error: cannot find symbol
    public CompoundTag toTag() {
           ^
  symbol:   class CompoundTag
  location: class HClipAction
C:\Users\User\Documents\MODS\java\autism-client-addons\src\main\java\autismclient\util\macro\HClipAction.java:888: 
error: cannot find symbol
    public void fromTag(CompoundTag tag) {
                        ^
  symbol:   class CompoundTag
  location: class HClipAction
C:\Users\User\Documents\MODS\java\autism-client-addons\src\main\java\autismclient\util\macro\HClipAction.java:773: 
error: cannot find symbol
        static ClipFrame create(double deltaX, double deltaZ, double blocks, Vec3 target) {
                                                                             ^
  symbol:   class Vec3
  location: class ClipFrame
C:\Users\User\Documents\MODS\java\autism-client-addons\src\main\java\autismclient\util\macro\HClipAction.java:845: 
error: cannot find symbol
        static HClipPlan ok(double originY, List<Vec3> waypoints) { return ok(originY, waypoints, "ok"); }
                                                 ^
  symbol:   class Vec3
  location: class HClipPlan
C:\Users\User\Documents\MODS\java\autism-client-addons\src\main\java\autismclient\util\macro\HClipAction.java:846: 
error: cannot find symbol
        static HClipPlan ok(double originY, List<Vec3> waypoints, String message) { return new HClipPlan(true, 
originY, List.copyOf(waypoints), message); }
                                                 ^
  symbol:   class Vec3
  location: class HClipPlan
C:\Users\User\Documents\MODS\java\autism-client-addons\src\main\java\autismclient\util\macro\HClipAction.java:798: 
error: cannot find symbol
        static RouteCacheKey create(LocalPlayer player, Vec3 start, Vec3 target, int radius, int verticalRange, int 
routeCap) {
                                    ^
  symbol:   class LocalPlayer
  location: class RouteCacheKey
C:\Users\User\Documents\MODS\java\autism-client-addons\src\main\java\autismclient\util\macro\HClipAction.java:798: 
error: cannot find symbol
        static RouteCacheKey create(LocalPlayer player, Vec3 start, Vec3 target, int radius, int verticalRange, int 
routeCap) {
                                                        ^
  symbol:   class Vec3
  location: class RouteCacheKey
C:\Users\User\Documents\MODS\java\autism-client-addons\src\main\java\autismclient\util\macro\HClipAction.java:798: 
error: cannot find symbol
        static RouteCacheKey create(LocalPlayer player, Vec3 start, Vec3 target, int radius, int verticalRange, int 
routeCap) {
                                                                    ^
  symbol:   class Vec3
  location: class RouteCacheKey
C:\Users\User\Documents\MODS\java\autism-client-addons\src\main\java\autismclient\util\macro\MacroAction.java:9: 
error: cannot find symbol
    void execute(Minecraft mc);
                 ^
  symbol:   class Minecraft
  location: interface MacroAction
C:\Users\User\Documents\MODS\java\autism-client-addons\src\main\java\autismclient\util\macro\MacroAction.java:11: 
error: cannot find symbol
    CompoundTag toTag();
    ^
  symbol:   class CompoundTag
  location: interface MacroAction
C:\Users\User\Documents\MODS\java\autism-client-addons\src\main\java\autismclient\util\macro\MacroAction.java:12: 
error: cannot find symbol
    void fromTag(CompoundTag tag);
                 ^
  symbol:   class CompoundTag
  location: interface MacroAction
C:\Users\User\Documents\MODS\java\autism-client-addons\src\main\java\autismclient\commands\impl\NbtCommand.java:35: 
error: cannot find symbol
    private static ItemStack held() {
                   ^
  symbol:   class ItemStack
  location: class NbtCommand
C:\Users\User\Documents\MODS\java\autism-client-addons\src\main\java\autismclient\util\macro\ToggleModuleAction.java:6:
 error: cannot access Tag
import net.minecraft.nbt.Tag;
                        ^
  bad class file: C:\Users\User\Documents\MODS\java\autism-client-addons\.gradle\loom-cache\minecraftMaven\net\minecraf
t\minecraft-merged-a26c9a9f3c\26.1.2\minecraft-merged-a26c9a9f3c-26.1.2.jar(/net/minecraft/nbt/Tag.class)
    class file has wrong version 69.0, should be 66.0
    Please remove or make sure it appears in the correct subdirectory of the classpath.
C:\Users\User\Documents\MODS\java\autism-client-addons\src\main\java\autismclient\util\macro\ToggleModuleAction.java:7:
 error: cannot access ListTag
import net.minecraft.nbt.ListTag;
                        ^
  bad class file: C:\Users\User\Documents\MODS\java\autism-client-addons\.gradle\loom-cache\minecraftMaven\net\minecraf
t\minecraft-merged-a26c9a9f3c\26.1.2\minecraft-merged-a26c9a9f3c-26.1.2.jar(/net/minecraft/nbt/ListTag.class)
    class file has wrong version 69.0, should be 66.0
    Please remove or make sure it appears in the correct subdirectory of the classpath.
C:\Users\User\Documents\MODS\java\autism-client-addons\src\main\java\autismclient\util\macro\ToggleModuleAction.java:59
: error: cannot find symbol
    public void execute(Minecraft mc) {
                        ^
  symbol:   class Minecraft
  location: class ToggleModuleAction
C:\Users\User\Documents\MODS\java\autism-client-addons\src\main\java\autismclient\util\macro\ToggleModuleAction.java:72
: error: cannot find symbol
    public CompoundTag toTag() {
           ^
  symbol:   class CompoundTag
  location: class ToggleModuleAction
C:\Users\User\Documents\MODS\java\autism-client-addons\src\main\java\autismclient\util\macro\ToggleModuleAction.java:87
: error: cannot find symbol
    public void fromTag(CompoundTag tag) {
                        ^
  symbol:   class CompoundTag
  location: class ToggleModuleAction
C:\Users\User\Documents\MODS\java\autism-client-addons\src\main\java\autismclient\util\macro\ToggleModuleAction.java:26
: error: cannot find symbol
        public CompoundTag toTag() {
               ^
  symbol:   class CompoundTag
  location: class ModuleEntry
C:\Users\User\Documents\MODS\java\autism-client-addons\src\main\java\autismclient\util\macro\ToggleModuleAction.java:33
: error: cannot find symbol
        public static ModuleEntry fromTag(CompoundTag tag) {
                                          ^
  symbol:   class CompoundTag
  location: class ModuleEntry
C:\Users\User\Documents\MODS\java\autism-client-addons\src\main\java\autismclient\util\macro\VClipAction.java:11: 
error: cannot access AABB
import net.minecraft.world.phys.AABB;
                               ^
  bad class file: C:\Users\User\Documents\MODS\java\autism-client-addons\.gradle\loom-cache\minecraftMaven\net\minecraf
t\minecraft-merged-a26c9a9f3c\26.1.2\minecraft-merged-a26c9a9f3c-26.1.2.jar(/net/minecraft/world/phys/AABB.class)
    class file has wrong version 69.0, should be 66.0
    Please remove or make sure it appears in the correct subdirectory of the classpath.
C:\Users\User\Documents\MODS\java\autism-client-addons\src\main\java\autismclient\util\macro\VClipAction.java:62: 
error: cannot find symbol
    public void execute(Minecraft mc) {
                        ^
  symbol:   class Minecraft
  location: class VClipAction
C:\Users\User\Documents\MODS\java\autism-client-addons\src\main\java\autismclient\util\macro\VClipAction.java:75: 
error: cannot find symbol
    public static Result perform(Minecraft mc, Options options) {
                                 ^
  symbol:   class Minecraft
  location: class VClipAction
C:\Users\User\Documents\MODS\java\autism-client-addons\src\main\java\autismclient\util\macro\VClipAction.java:138: 
error: cannot find symbol
    private static AutoVerticalTarget resolveAutoVerticalTarget(LocalPlayer player, Mode mode) {
                                                                ^
  symbol:   class LocalPlayer
  location: class VClipAction
C:\Users\User\Documents\MODS\java\autism-client-addons\src\main\java\autismclient\util\macro\VClipAction.java:144: 
error: cannot find symbol
    private static AutoVerticalTarget resolveTopTarget(LocalPlayer player) {
                                                       ^
  symbol:   class LocalPlayer
  location: class VClipAction
C:\Users\User\Documents\MODS\java\autism-client-addons\src\main\java\autismclient\util\macro\VClipAction.java:162: 
error: cannot find symbol
    private static AutoVerticalTarget resolveBottomTarget(LocalPlayer player) {
                                                          ^
  symbol:   class LocalPlayer
  location: class VClipAction
C:\Users\User\Documents\MODS\java\autism-client-addons\src\main\java\autismclient\util\macro\VClipAction.java:174: 
error: cannot find symbol
    private static boolean isPositionLoaded(LocalPlayer player, Vec3 pos) {
                                            ^
  symbol:   class LocalPlayer
  location: class VClipAction
C:\Users\User\Documents\MODS\java\autism-client-addons\src\main\java\autismclient\util\macro\VClipAction.java:174: 
error: cannot find symbol
    private static boolean isPositionLoaded(LocalPlayer player, Vec3 pos) {
                                                                ^
  symbol:   class Vec3
  location: class VClipAction
C:\Users\User\Documents\MODS\java\autism-client-addons\src\main\java\autismclient\util\macro\VClipAction.java:178: 
error: cannot find symbol
    private static boolean isPositionClear(LocalPlayer player, Vec3 pos) {
                                           ^
  symbol:   class LocalPlayer
  location: class VClipAction
C:\Users\User\Documents\MODS\java\autism-client-addons\src\main\java\autismclient\util\macro\VClipAction.java:178: 
error: cannot find symbol
    private static boolean isPositionClear(LocalPlayer player, Vec3 pos) {
                                                               ^
  symbol:   class Vec3
  location: class VClipAction
C:\Users\User\Documents\MODS\java\autism-client-addons\src\main\java\autismclient\util\macro\VClipAction.java:183: 
error: cannot find symbol
    private static boolean hasSupportBelow(LocalPlayer player, Vec3 pos) {
                                           ^
  symbol:   class LocalPlayer
  location: class VClipAction
C:\Users\User\Documents\MODS\java\autism-client-addons\src\main\java\autismclient\util\macro\VClipAction.java:183: 
error: cannot find symbol
    private static boolean hasSupportBelow(LocalPlayer player, Vec3 pos) {
                                                               ^
  symbol:   class Vec3
  location: class VClipAction
C:\Users\User\Documents\MODS\java\autism-client-addons\src\main\java\autismclient\util\macro\VClipAction.java:189: 
error: cannot find symbol
    private static int sendFallSafeDownClip(Minecraft mc, LocalPlayer player, double x, double y, double z, double 
blocks, boolean updateLocalPosition) {
                                            ^
  symbol:   class Minecraft
  location: class VClipAction
C:\Users\User\Documents\MODS\java\autism-client-addons\src\main\java\autismclient\util\macro\VClipAction.java:189: 
error: cannot find symbol
    private static int sendFallSafeDownClip(Minecraft mc, LocalPlayer player, double x, double y, double z, double 
blocks, boolean updateLocalPosition) {
                                                          ^
  symbol:   class LocalPlayer
  location: class VClipAction
C:\Users\User\Documents\MODS\java\autism-client-addons\src\main\java\autismclient\util\macro\VClipAction.java:206: 
error: cannot find symbol
    private static void clearLocalFallState(LocalPlayer player) {
                                            ^
  symbol:   class LocalPlayer
  location: class VClipAction
C:\Users\User\Documents\MODS\java\autism-client-addons\src\main\java\autismclient\util\macro\VClipAction.java:215: 
error: cannot find symbol
    public CompoundTag toTag() {
           ^
  symbol:   class CompoundTag
  location: class VClipAction
C:\Users\User\Documents\MODS\java\autism-client-addons\src\main\java\autismclient\util\macro\VClipAction.java:231: 
error: cannot find symbol
    public void fromTag(CompoundTag tag) {
                        ^
  symbol:   class CompoundTag
  location: class VClipAction
C:\Users\User\Documents\MODS\java\autism-client-addons\src\main\java\autismclient\commands\impl\XCarryCommand.java:12: 
error: cannot access InventoryScreen
import net.minecraft.client.gui.screens.inventory.InventoryScreen;
                                                 ^
  bad class file: C:\Users\User\Documents\MODS\java\autism-client-addons\.gradle\loom-cache\minecraftMaven\net\minecraf
t\minecraft-merged-a26c9a9f3c\26.1.2\minecraft-merged-a26c9a9f3c-26.1.2.jar(/net/minecraft/client/gui/screens/inventory
/InventoryScreen.class)
    class file has wrong version 69.0, should be 66.0
    Please remove or make sure it appears in the correct subdirectory of the classpath.
C:\Users\User\Documents\MODS\java\autism-client-addons\src\main\java\autismclient\commands\impl\XCarryCommand.java:14: 
error: cannot access AbstractContainerMenu
import net.minecraft.world.inventory.AbstractContainerMenu;
                                    ^
  bad class file: C:\Users\User\Documents\MODS\java\autism-client-addons\.gradle\loom-cache\minecraftMaven\net\minecraf
t\minecraft-merged-a26c9a9f3c\26.1.2\minecraft-merged-a26c9a9f3c-26.1.2.jar(/net/minecraft/world/inventory/AbstractCont
ainerMenu.class)
    class file has wrong version 69.0, should be 66.0
    Please remove or make sure it appears in the correct subdirectory of the classpath.
100 errors

> Task :compileJava FAILED

[Incubating] Problems report is available at: file:///C:/Users/User/Documents/MODS/java/autism-client-addons/build/reports/problems/problems-report.html

FAILURE: Build failed with an exception.

* What went wrong:
Execution failed for task ':compileJava'.
> Compilation failed; see the compiler output below.
  C:\Users\User\Documents\MODS\java\autism-client-addons\src\main\java\autismclient\AutismClientMod.java:20: error: 
cannot access ClientTickEvents
  import net.fabricmc.fabric.api.client.event.lifecycle.v1.ClientTickEvents;
                                                          ^
    bad class file: C:\Users\User\.gradle\caches\modules-2\files-2.1\net.fabricmc.fabric-api\fabric-lifecycle-events-v1
\4.1.0+6d50a0854c\52281bf82f04922d65a30d3f91975feb00911826\fabric-lifecycle-events-v1-4.1.0+6d50a0854c.jar(/net/fabricm
c/fabric/api/client/event/lifecycle/v1/ClientTickEvents.class)
      class file has wrong version 69.0, should be 66.0
      Please remove or make sure it appears in the correct subdirectory of the classpath.
  C:\Users\User\Documents\MODS\java\autism-client-addons\src\main\java\autismclient\AutismClientMod.java:21: error: 
cannot access ItemTooltipCallback
  import net.fabricmc.fabric.api.client.item.v1.ItemTooltipCallback;
                                               ^
    bad class file: C:\Users\User\.gradle\caches\modules-2\files-2.1\net.fabricmc.fabric-api\fabric-item-api-v1\14.1.1+
73d134684c\263b544a364fe5cfeb664313a1dc9f36f9df646f\fabric-item-api-v1-14.1.1+73d134684c.jar(/net/fabricmc/fabric/api/c
lient/item/v1/ItemTooltipCallback.class)
      class file has wrong version 69.0, should be 66.0
      Please remove or make sure it appears in the correct subdirectory of the classpath.
  C:\Users\User\Documents\MODS\java\autism-client-addons\src\main\java\autismclient\AutismClientMod.java:22: error: 
cannot access ClientConfigurationConnectionEvents
  import net.fabricmc.fabric.api.client.networking.v1.ClientConfigurationConnectionEvents;
                                                     ^
    bad class file: C:\Users\User\.gradle\caches\modules-2\files-2.1\net.fabricmc.fabric-api\fabric-networking-api-v1\6
.3.0+50a808ce4c\2ba716f3fff36dd84f6498e8c067545922ae370\fabric-networking-api-v1-6.3.0+50a808ce4c.jar(/net/fabricmc/fab
ric/api/client/networking/v1/ClientConfigurationConnectionEvents.class)
      class file has wrong version 69.0, should be 66.0
      Please remove or make sure it appears in the correct subdirectory of the classpath.
  C:\Users\User\Documents\MODS\java\autism-client-addons\src\main\java\autismclient\AutismClientMod.java:23: error: 
cannot access ClientPlayConnectionEvents
  import net.fabricmc.fabric.api.client.networking.v1.ClientPlayConnectionEvents;
                                                     ^
    bad class file: C:\Users\User\.gradle\caches\modules-2\files-2.1\net.fabricmc.fabric-api\fabric-networking-api-v1\6
.3.0+50a808ce4c\2ba716f3fff36dd84f6498e8c067545922ae370\fabric-networking-api-v1-6.3.0+50a808ce4c.jar(/net/fabricmc/fab
ric/api/client/networking/v1/ClientPlayConnectionEvents.class)
      class file has wrong version 69.0, should be 66.0
      Please remove or make sure it appears in the correct subdirectory of the classpath.
  C:\Users\User\Documents\MODS\java\autism-client-addons\src\main\java\autismclient\AutismClientMod.java:24: error: 
cannot access ResourceManagerHelper
  import net.fabricmc.fabric.api.resource.ResourceManagerHelper;
                                         ^
    bad class file: C:\Users\User\.gradle\caches\modules-2\files-2.1\net.fabricmc.fabric-api\fabric-resource-loader-v0\
3.3.16+4fc5413f4c\3e41a04cec5889b00a4d5bc5205927d17d353b31\fabric-resource-loader-v0-3.3.16+4fc5413f4c.jar(/net/fabricm
c/fabric/api/resource/ResourceManagerHelper.class)
      class file has wrong version 69.0, should be 66.0
      Please remove or make sure it appears in the correct subdirectory of the classpath.
  C:\Users\User\Documents\MODS\java\autism-client-addons\src\main\java\autismclient\AutismClientMod.java:25: error: 
cannot access PackType
  import net.minecraft.server.packs.PackType;
                                   ^
    bad class file: C:\Users\User\Documents\MODS\java\autism-client-addons\.gradle\loom-cache\minecraftMaven\net\minecr
aft\minecraft-merged-a26c9a9f3c\26.1.2\minecraft-merged-a26c9a9f3c-26.1.2.jar(/net/minecraft/server/packs/PackType.clas
s)
      class file has wrong version 69.0, should be 66.0
      Please remove or make sure it appears in the correct subdirectory of the classpath.
  C:\Users\User\Documents\MODS\java\autism-client-addons\src\main\java\autismclient\commands\args\KeyArgumentType.java:
11: error: cannot access Component
  import net.minecraft.network.chat.Component;
                                   ^
    bad class file: C:\Users\User\Documents\MODS\java\autism-client-addons\.gradle\loom-cache\minecraftMaven\net\minecr
aft\minecraft-merged-a26c9a9f3c\26.1.2\minecraft-merged-a26c9a9f3c-26.1.2.jar(/net/minecraft/network/chat/Component.cla
ss)
      class file has wrong version 69.0, should be 66.0
      Please remove or make sure it appears in the correct subdirectory of the classpath.
  
C:\Users\User\Documents\MODS\java\autism-client-addons\src\main\java\autismclient\commands\AutismCommandSource.java:3: 
error: cannot access Minecraft
  import net.minecraft.client.Minecraft;
                             ^
    bad class file: C:\Users\User\Documents\MODS\java\autism-client-addons\.gradle\loom-cache\minecraftMaven\net\minecr
aft\minecraft-merged-a26c9a9f3c\26.1.2\minecraft-merged-a26c9a9f3c-26.1.2.jar(/net/minecraft/client/Minecraft.class)
      class file has wrong version 69.0, should be 66.0
      Please remove or make sure it appears in the correct subdirectory of the classpath.
  
C:\Users\User\Documents\MODS\java\autism-client-addons\src\main\java\autismclient\commands\AutismCommandSource.java:4: 
error: cannot access LocalPlayer
  import net.minecraft.client.player.LocalPlayer;
                                    ^
    bad class file: C:\Users\User\Documents\MODS\java\autism-client-addons\.gradle\loom-cache\minecraftMaven\net\minecr
aft\minecraft-merged-a26c9a9f3c\26.1.2\minecraft-merged-a26c9a9f3c-26.1.2.jar(/net/minecraft/client/player/LocalPlayer.
class)
      class file has wrong version 69.0, should be 66.0
      Please remove or make sure it appears in the correct subdirectory of the classpath.
  
C:\Users\User\Documents\MODS\java\autism-client-addons\src\main\java\autismclient\commands\AutismCommandSource.java:5: 
error: cannot access ClientPacketListener
  import net.minecraft.client.multiplayer.ClientPacketListener;
                                         ^
    bad class file: C:\Users\User\Documents\MODS\java\autism-client-addons\.gradle\loom-cache\minecraftMaven\net\minecr
aft\minecraft-merged-a26c9a9f3c\26.1.2\minecraft-merged-a26c9a9f3c-26.1.2.jar(/net/minecraft/client/multiplayer/ClientP
acketListener.class)
      class file has wrong version 69.0, should be 66.0
      Please remove or make sure it appears in the correct subdirectory of the classpath.
  C:\Users\User\Documents\MODS\java\autism-client-addons\src\main\java\autismclient\commands\args\PacketClassArgumentTy
pe.java:11: error: cannot access Packet
  import net.minecraft.network.protocol.Packet;
                                       ^
    bad class file: C:\Users\User\Documents\MODS\java\autism-client-addons\.gradle\loom-cache\minecraftMaven\net\minecr
aft\minecraft-merged-a26c9a9f3c\26.1.2\minecraft-merged-a26c9a9f3c-26.1.2.jar(/net/minecraft/network/protocol/Packet.cl
ass)
      class file has wrong version 69.0, should be 66.0
      Please remove or make sure it appears in the correct subdirectory of the classpath.
  C:\Users\User\Documents\MODS\java\autism-client-addons\src\main\java\autismclient\commands\CommandSuggest.java:6: 
error: cannot access BuiltInRegistries
  import net.minecraft.core.registries.BuiltInRegistries;
                                      ^
    bad class file: C:\Users\User\Documents\MODS\java\autism-client-addons\.gradle\loom-cache\minecraftMaven\net\minecr
aft\minecraft-merged-a26c9a9f3c\26.1.2\minecraft-merged-a26c9a9f3c-26.1.2.jar(/net/minecraft/core/registries/BuiltInReg
istries.class)
      class file has wrong version 69.0, should be 66.0
      Please remove or make sure it appears in the correct subdirectory of the classpath.
  C:\Users\User\Documents\MODS\java\autism-client-addons\src\main\java\autismclient\commands\CommandSuggest.java:7: 
error: cannot access Identifier
  import net.minecraft.resources.Identifier;
                                ^
    bad class file: C:\Users\User\Documents\MODS\java\autism-client-addons\.gradle\loom-cache\minecraftMaven\net\minecr
aft\minecraft-merged-a26c9a9f3c\26.1.2\minecraft-merged-a26c9a9f3c-26.1.2.jar(/net/minecraft/resources/Identifier.class
)
      class file has wrong version 69.0, should be 66.0
      Please remove or make sure it appears in the correct subdirectory of the classpath.
  C:\Users\User\Documents\MODS\java\autism-client-addons\src\main\java\autismclient\commands\impl\DismountCommand.java:
8: error: cannot access ServerboundPlayerInputPacket
  import net.minecraft.network.protocol.game.ServerboundPlayerInputPacket;
                                            ^
    bad class file: C:\Users\User\Documents\MODS\java\autism-client-addons\.gradle\loom-cache\minecraftMaven\net\minecr
aft\minecraft-merged-a26c9a9f3c\26.1.2\minecraft-merged-a26c9a9f3c-26.1.2.jar(/net/minecraft/network/protocol/game/Serv
erboundPlayerInputPacket.class)
      class file has wrong version 69.0, should be 66.0
      Please remove or make sure it appears in the correct subdirectory of the classpath.
  C:\Users\User\Documents\MODS\java\autism-client-addons\src\main\java\autismclient\commands\impl\DropCommand.java:9: 
error: cannot access ServerboundPlayerActionPacket
  import net.minecraft.network.protocol.game.ServerboundPlayerActionPacket;
                                            ^
    bad class file: C:\Users\User\Documents\MODS\java\autism-client-addons\.gradle\loom-cache\minecraftMaven\net\minecr
aft\minecraft-merged-a26c9a9f3c\26.1.2\minecraft-merged-a26c9a9f3c-26.1.2.jar(/net/minecraft/network/protocol/game/Serv
erboundPlayerActionPacket.class)
      class file has wrong version 69.0, should be 66.0
      Please remove or make sure it appears in the correct subdirectory of the classpath.
  C:\Users\User\Documents\MODS\java\autism-client-addons\src\main\java\autismclient\commands\impl\DropCommand.java:10: 
error: cannot access BlockPos
  import net.minecraft.core.BlockPos;
                           ^
    bad class file: C:\Users\User\Documents\MODS\java\autism-client-addons\.gradle\loom-cache\minecraftMaven\net\minecr
aft\minecraft-merged-a26c9a9f3c\26.1.2\minecraft-merged-a26c9a9f3c-26.1.2.jar(/net/minecraft/core/BlockPos.class)
      class file has wrong version 69.0, should be 66.0
      Please remove or make sure it appears in the correct subdirectory of the classpath.
  C:\Users\User\Documents\MODS\java\autism-client-addons\src\main\java\autismclient\commands\impl\DropCommand.java:11: 
error: cannot access Direction
  import net.minecraft.core.Direction;
                           ^
    bad class file: C:\Users\User\Documents\MODS\java\autism-client-addons\.gradle\loom-cache\minecraftMaven\net\minecr
aft\minecraft-merged-a26c9a9f3c\26.1.2\minecraft-merged-a26c9a9f3c-26.1.2.jar(/net/minecraft/core/Direction.class)
      class file has wrong version 69.0, should be 66.0
      Please remove or make sure it appears in the correct subdirectory of the classpath.
  C:\Users\User\Documents\MODS\java\autism-client-addons\src\main\java\autismclient\commands\impl\GamemodeCommand.java:
12: error: cannot access GameType
  import net.minecraft.world.level.GameType;
                                  ^
    bad class file: C:\Users\User\Documents\MODS\java\autism-client-addons\.gradle\loom-cache\minecraftMaven\net\minecr
aft\minecraft-merged-a26c9a9f3c\26.1.2\minecraft-merged-a26c9a9f3c-26.1.2.jar(/net/minecraft/world/level/GameType.class
)
      class file has wrong version 69.0, should be 66.0
      Please remove or make sure it appears in the correct subdirectory of the classpath.
  C:\Users\User\Documents\MODS\java\autism-client-addons\src\main\java\autismclient\commands\impl\GiveCommand.java:14: 
error: cannot access ServerboundSetCreativeModeSlotPacket
  import net.minecraft.network.protocol.game.ServerboundSetCreativeModeSlotPacket;
                                            ^
    bad class file: C:\Users\User\Documents\MODS\java\autism-client-addons\.gradle\loom-cache\minecraftMaven\net\minecr
aft\minecraft-merged-a26c9a9f3c\26.1.2\minecraft-merged-a26c9a9f3c-26.1.2.jar(/net/minecraft/network/protocol/game/Serv
erboundSetCreativeModeSlotPacket.class)
      class file has wrong version 69.0, should be 66.0
      Please remove or make sure it appears in the correct subdirectory of the classpath.
  C:\Users\User\Documents\MODS\java\autism-client-addons\src\main\java\autismclient\commands\impl\GiveCommand.java:16: 
error: cannot access Item
  import net.minecraft.world.item.Item;
                                 ^
    bad class file: C:\Users\User\Documents\MODS\java\autism-client-addons\.gradle\loom-cache\minecraftMaven\net\minecr
aft\minecraft-merged-a26c9a9f3c\26.1.2\minecraft-merged-a26c9a9f3c-26.1.2.jar(/net/minecraft/world/item/Item.class)
      class file has wrong version 69.0, should be 66.0
      Please remove or make sure it appears in the correct subdirectory of the classpath.
  C:\Users\User\Documents\MODS\java\autism-client-addons\src\main\java\autismclient\commands\impl\GiveCommand.java:17: 
error: cannot access ItemStack
  import net.minecraft.world.item.ItemStack;
                                 ^
    bad class file: C:\Users\User\Documents\MODS\java\autism-client-addons\.gradle\loom-cache\minecraftMaven\net\minecr
aft\minecraft-merged-a26c9a9f3c\26.1.2\minecraft-merged-a26c9a9f3c-26.1.2.jar(/net/minecraft/world/item/ItemStack.class
)
      class file has wrong version 69.0, should be 66.0
      Please remove or make sure it appears in the correct subdirectory of the classpath.
  C:\Users\User\Documents\MODS\java\autism-client-addons\src\main\java\autismclient\util\macro\HClipAction.java:7: 
error: cannot access CompoundTag
  import net.minecraft.nbt.CompoundTag;
                          ^
    bad class file: C:\Users\User\Documents\MODS\java\autism-client-addons\.gradle\loom-cache\minecraftMaven\net\minecr
aft\minecraft-merged-a26c9a9f3c\26.1.2\minecraft-merged-a26c9a9f3c-26.1.2.jar(/net/minecraft/nbt/CompoundTag.class)
      class file has wrong version 69.0, should be 66.0
      Please remove or make sure it appears in the correct subdirectory of the classpath.
  C:\Users\User\Documents\MODS\java\autism-client-addons\src\main\java\autismclient\util\macro\HClipAction.java:8: 
error: cannot access ServerboundMovePlayerPacket
  import net.minecraft.network.protocol.game.ServerboundMovePlayerPacket;
                                            ^
    bad class file: C:\Users\User\Documents\MODS\java\autism-client-addons\.gradle\loom-cache\minecraftMaven\net\minecr
aft\minecraft-merged-a26c9a9f3c\26.1.2\minecraft-merged-a26c9a9f3c-26.1.2.jar(/net/minecraft/network/protocol/game/Serv
erboundMovePlayerPacket.class)
      class file has wrong version 69.0, should be 66.0
      Please remove or make sure it appears in the correct subdirectory of the classpath.
  C:\Users\User\Documents\MODS\java\autism-client-addons\src\main\java\autismclient\util\macro\HClipAction.java:9: 
error: cannot access ServerboundMoveVehiclePacket
  import net.minecraft.network.protocol.game.ServerboundMoveVehiclePacket;
                                            ^
    bad class file: C:\Users\User\Documents\MODS\java\autism-client-addons\.gradle\loom-cache\minecraftMaven\net\minecr
aft\minecraft-merged-a26c9a9f3c\26.1.2\minecraft-merged-a26c9a9f3c-26.1.2.jar(/net/minecraft/network/protocol/game/Serv
erboundMoveVehiclePacket.class)
      class file has wrong version 69.0, should be 66.0
      Please remove or make sure it appears in the correct subdirectory of the classpath.
  C:\Users\User\Documents\MODS\java\autism-client-addons\src\main\java\autismclient\util\macro\HClipAction.java:10: 
error: cannot access Entity
  import net.minecraft.world.entity.Entity;
                                   ^
    bad class file: C:\Users\User\Documents\MODS\java\autism-client-addons\.gradle\loom-cache\minecraftMaven\net\minecr
aft\minecraft-merged-a26c9a9f3c\26.1.2\minecraft-merged-a26c9a9f3c-26.1.2.jar(/net/minecraft/world/entity/Entity.class)
      class file has wrong version 69.0, should be 66.0
      Please remove or make sure it appears in the correct subdirectory of the classpath.
  C:\Users\User\Documents\MODS\java\autism-client-addons\src\main\java\autismclient\util\macro\HClipAction.java:11: 
error: cannot access Vec3
  import net.minecraft.world.phys.Vec3;
                                 ^
    bad class file: C:\Users\User\Documents\MODS\java\autism-client-addons\.gradle\loom-cache\minecraftMaven\net\minecr
aft\minecraft-merged-a26c9a9f3c\26.1.2\minecraft-merged-a26c9a9f3c-26.1.2.jar(/net/minecraft/world/phys/Vec3.class)
      class file has wrong version 69.0, should be 66.0
      Please remove or make sure it appears in the correct subdirectory of the classpath.
  C:\Users\User\Documents\MODS\java\autism-client-addons\src\main\java\autismclient\util\macro\ToggleModuleAction.java:
6: error: cannot access Tag
  import net.minecraft.nbt.Tag;
                          ^
    bad class file: C:\Users\User\Documents\MODS\java\autism-client-addons\.gradle\loom-cache\minecraftMaven\net\minecr
aft\minecraft-merged-a26c9a9f3c\26.1.2\minecraft-merged-a26c9a9f3c-26.1.2.jar(/net/minecraft/nbt/Tag.class)
      class file has wrong version 69.0, should be 66.0
      Please remove or make sure it appears in the correct subdirectory of the classpath.
  C:\Users\User\Documents\MODS\java\autism-client-addons\src\main\java\autismclient\util\macro\ToggleModuleAction.java:
7: error: cannot access ListTag
  import net.minecraft.nbt.ListTag;
                          ^
    bad class file: C:\Users\User\Documents\MODS\java\autism-client-addons\.gradle\loom-cache\minecraftMaven\net\minecr
aft\minecraft-merged-a26c9a9f3c\26.1.2\minecraft-merged-a26c9a9f3c-26.1.2.jar(/net/minecraft/nbt/ListTag.class)
      class file has wrong version 69.0, should be 66.0
      Please remove or make sure it appears in the correct subdirectory of the classpath.
  C:\Users\User\Documents\MODS\java\autism-client-addons\src\main\java\autismclient\util\macro\VClipAction.java:11: 
error: cannot access AABB
  import net.minecraft.world.phys.AABB;
                                 ^
    bad class file: C:\Users\User\Documents\MODS\java\autism-client-addons\.gradle\loom-cache\minecraftMaven\net\minecr
aft\minecraft-merged-a26c9a9f3c\26.1.2\minecraft-merged-a26c9a9f3c-26.1.2.jar(/net/minecraft/world/phys/AABB.class)
      class file has wrong version 69.0, should be 66.0
      Please remove or make sure it appears in the correct subdirectory of the classpath.
  
C:\Users\User\Documents\MODS\java\autism-client-addons\src\main\java\autismclient\commands\impl\XCarryCommand.java:12: 
error: cannot access InventoryScreen
  import net.minecraft.client.gui.screens.inventory.InventoryScreen;
                                                   ^
    bad class file: C:\Users\User\Documents\MODS\java\autism-client-addons\.gradle\loom-cache\minecraftMaven\net\minecr
aft\minecraft-merged-a26c9a9f3c\26.1.2\minecraft-merged-a26c9a9f3c-26.1.2.jar(/net/minecraft/client/gui/screens/invento
ry/InventoryScreen.class)
      class file has wrong version 69.0, should be 66.0
      Please remove or make sure it appears in the correct subdirectory of the classpath.
  
C:\Users\User\Documents\MODS\java\autism-client-addons\src\main\java\autismclient\commands\impl\XCarryCommand.java:14: 
error: cannot access AbstractContainerMenu
  import net.minecraft.world.inventory.AbstractContainerMenu;
                                      ^
    bad class file: C:\Users\User\Documents\MODS\java\autism-client-addons\.gradle\loom-cache\minecraftMaven\net\minecr
aft\minecraft-merged-a26c9a9f3c\26.1.2\minecraft-merged-a26c9a9f3c-26.1.2.jar(/net/minecraft/world/inventory/AbstractCo
ntainerMenu.class)
      class file has wrong version 69.0, should be 66.0
      Please remove or make sure it appears in the correct subdirectory of the classpath.
  C:\Users\User\Documents\MODS\java\autism-client-addons\src\main\java\autismclient\commands\AutismCommandSource.java:1
2: error: cannot find symbol
      public Minecraft mc() { return Minecraft.getInstance(); }
             ^
    symbol:   class Minecraft
    location: class AutismCommandSource
  C:\Users\User\Documents\MODS\java\autism-client-addons\src\main\java\autismclient\commands\AutismCommandSource.java:1
3: error: cannot find symbol
      public LocalPlayer player() { return Minecraft.getInstance().player; }
             ^
    symbol:   class LocalPlayer
    location: class AutismCommandSource
  C:\Users\User\Documents\MODS\java\autism-client-addons\src\main\java\autismclient\commands\AutismCommandSource.java:1
4: error: cannot find symbol
      public ClientPacketListener connection() { return Minecraft.getInstance().getConnection(); }
             ^
    symbol:   class ClientPacketListener
    location: class AutismCommandSource
  C:\Users\User\Documents\MODS\java\autism-client-addons\src\main\java\autismclient\commands\impl\DropCommand.java:24: 
error: cannot find symbol
      private static LocalPlayer player() { return Minecraft.getInstance().player; }
                     ^
    symbol:   class LocalPlayer
    location: class DropCommand
  C:\Users\User\Documents\MODS\java\autism-client-addons\src\main\java\autismclient\util\macro\HClipAction.java:844: 
error: cannot find symbol
      private record HClipPlan(boolean success, double originY, List<Vec3> waypoints, String message) {
                                                                     ^
    symbol:   class Vec3
    location: class HClipPlan
  C:\Users\User\Documents\MODS\java\autism-client-addons\src\main\java\autismclient\util\macro\HClipAction.java:84: 
error: cannot find symbol
      public void execute(Minecraft mc) {
                          ^
    symbol:   class Minecraft
    location: class HClipAction
  C:\Users\User\Documents\MODS\java\autism-client-addons\src\main\java\autismclient\util\macro\HClipAction.java:100: 
error: cannot find symbol
      public static Result perform(Minecraft mc, Options options) {
                                   ^
    symbol:   class Minecraft
    location: class HClipAction
  C:\Users\User\Documents\MODS\java\autism-client-addons\src\main\java\autismclient\util\macro\HClipAction.java:181: 
error: cannot find symbol
      private static int sendWaypointFallSafe(Minecraft mc, Vec3 from, Vec3 to, boolean grounded) {
                                              ^
    symbol:   class Minecraft
    location: class HClipAction
  C:\Users\User\Documents\MODS\java\autism-client-addons\src\main\java\autismclient\util\macro\HClipAction.java:181: 
error: cannot find symbol
      private static int sendWaypointFallSafe(Minecraft mc, Vec3 from, Vec3 to, boolean grounded) {
                                                            ^
    symbol:   class Vec3
    location: class HClipAction
  C:\Users\User\Documents\MODS\java\autism-client-addons\src\main\java\autismclient\util\macro\HClipAction.java:181: 
error: cannot find symbol
      private static int sendWaypointFallSafe(Minecraft mc, Vec3 from, Vec3 to, boolean grounded) {
                                                                       ^
    symbol:   class Vec3
    location: class HClipAction
  C:\Users\User\Documents\MODS\java\autism-client-addons\src\main\java\autismclient\util\macro\HClipAction.java:194: 
error: cannot find symbol
      private static void clearLocalFallState(LocalPlayer player) {
                                              ^
    symbol:   class LocalPlayer
    location: class HClipAction
  C:\Users\User\Documents\MODS\java\autism-client-addons\src\main\java\autismclient\util\macro\HClipAction.java:202: 
error: cannot find symbol
      private static HClipPlan planRoute(LocalPlayer player, double deltaX, double deltaZ, double blocks, Options 
options) {
                                         ^
    symbol:   class LocalPlayer
    location: class HClipAction
  C:\Users\User\Documents\MODS\java\autism-client-addons\src\main\java\autismclient\util\macro\HClipAction.java:244: 
error: cannot find symbol
      private static AutoHorizontalTarget resolveAutoHorizontalTarget(LocalPlayer player, Options options) {
                                                                      ^
    symbol:   class LocalPlayer
    location: class HClipAction
  C:\Users\User\Documents\MODS\java\autism-client-addons\src\main\java\autismclient\util\macro\HClipAction.java:782: 
error: cannot find symbol
      private record RouteContext(LocalPlayer player, Vec3 start, Vec3 requestedTarget, ClipFrame frame, int radius, 
int verticalRange, int routeCap) {}
                                  ^
    symbol:   class LocalPlayer
    location: class RouteContext
  C:\Users\User\Documents\MODS\java\autism-client-addons\src\main\java\autismclient\util\macro\HClipAction.java:782: 
error: cannot find symbol
      private record RouteContext(LocalPlayer player, Vec3 start, Vec3 requestedTarget, ClipFrame frame, int radius, 
int verticalRange, int routeCap) {}
                                                      ^
    symbol:   class Vec3
    location: class RouteContext
  C:\Users\User\Documents\MODS\java\autism-client-addons\src\main\java\autismclient\util\macro\HClipAction.java:782: 
error: cannot find symbol
      private record RouteContext(LocalPlayer player, Vec3 start, Vec3 requestedTarget, ClipFrame frame, int radius, 
int verticalRange, int routeCap) {}
                                                                  ^
    symbol:   class Vec3
    location: class RouteContext
  C:\Users\User\Documents\MODS\java\autism-client-addons\src\main\java\autismclient\util\macro\HClipAction.java:772: 
error: cannot find symbol
      private record ClipFrame(double forwardX, double forwardZ, double sideX, double sideZ, int targetForward, Vec3 
target) {
                                                                                                                ^
    symbol:   class Vec3
    location: class ClipFrame
  C:\Users\User\Documents\MODS\java\autism-client-addons\src\main\java\autismclient\util\macro\HClipAction.java:784: 
error: cannot find symbol
      private record RoutePoint(GridKey key, Vec3 pos, boolean endpoint, boolean exact, int endpointTier, int 
minPackets, double targetDistance, double sideError, double yError, double forwardError) {
                                             ^
    symbol:   class Vec3
    location: class RoutePoint
  C:\Users\User\Documents\MODS\java\autism-client-addons\src\main\java\autismclient\util\macro\HClipAction.java:785: 
error: cannot find symbol
          RoutePoint(GridKey key, Vec3 pos, boolean exact, int endpointTier, int minPackets, double targetDistance, 
double sideError, double yError, double forwardError) {
                                  ^
    symbol:   class Vec3
    location: class RoutePoint
  C:\Users\User\Documents\MODS\java\autism-client-addons\src\main\java\autismclient\util\macro\HClipAction.java:687: 
error: cannot find symbol
      private static boolean canPacketEdge(LocalPlayer player, RoutePoint from, RoutePoint to) {
                                           ^
    symbol:   class LocalPlayer
    location: class HClipAction
  C:\Users\User\Documents\MODS\java\autism-client-addons\src\main\java\autismclient\util\macro\HClipAction.java:702: 
error: cannot find symbol
      private static double routeQuality(RouteContext ctx, List<Vec3> route) {
                                                                ^
    symbol:   class Vec3
    location: class HClipAction
  C:\Users\User\Documents\MODS\java\autism-client-addons\src\main\java\autismclient\util\macro\HClipAction.java:717: 
error: cannot find symbol
      private static List<Vec3> reconstruct(List<RoutePoint> points, PathNode node) {
                          ^
    symbol:   class Vec3
    location: class HClipAction
  C:\Users\User\Documents\MODS\java\autism-client-addons\src\main\java\autismclient\util\macro\HClipAction.java:725: 
error: cannot find symbol
      private static List<Vec3> cleanupRoute(Vec3 start, List<Vec3> route) {
                                             ^
    symbol:   class Vec3
    location: class HClipAction
  C:\Users\User\Documents\MODS\java\autism-client-addons\src\main\java\autismclient\util\macro\HClipAction.java:725: 
error: cannot find symbol
      private static List<Vec3> cleanupRoute(Vec3 start, List<Vec3> route) {
                                                              ^
    symbol:   class Vec3
    location: class HClipAction
  C:\Users\User\Documents\MODS\java\autism-client-addons\src\main\java\autismclient\util\macro\HClipAction.java:725: 
error: cannot find symbol
      private static List<Vec3> cleanupRoute(Vec3 start, List<Vec3> route) {
                          ^
    symbol:   class Vec3
    location: class HClipAction
  C:\Users\User\Documents\MODS\java\autism-client-addons\src\main\java\autismclient\util\macro\HClipAction.java:736: 
error: cannot find symbol
      private static boolean samePosition(Vec3 a, Vec3 b) {
                                          ^
    symbol:   class Vec3
    location: class HClipAction
  C:\Users\User\Documents\MODS\java\autism-client-addons\src\main\java\autismclient\util\macro\HClipAction.java:736: 
error: cannot find symbol
      private static boolean samePosition(Vec3 a, Vec3 b) {
                                                  ^
    symbol:   class Vec3
    location: class HClipAction
  C:\Users\User\Documents\MODS\java\autism-client-addons\src\main\java\autismclient\util\macro\HClipAction.java:742: 
error: cannot find symbol
      private static Vec3 positionFor(Vec3 start, ClipFrame frame, GridKey key) {
                                      ^
    symbol:   class Vec3
    location: class HClipAction
  C:\Users\User\Documents\MODS\java\autism-client-addons\src\main\java\autismclient\util\macro\HClipAction.java:742: 
error: cannot find symbol
      private static Vec3 positionFor(Vec3 start, ClipFrame frame, GridKey key) {
                     ^
    symbol:   class Vec3
    location: class HClipAction
  C:\Users\User\Documents\MODS\java\autism-client-addons\src\main\java\autismclient\util\macro\HClipAction.java:750: 
error: cannot find symbol
      private static boolean isPositionLoaded(LocalPlayer player, Vec3 pos) {
                                              ^
    symbol:   class LocalPlayer
    location: class HClipAction
  C:\Users\User\Documents\MODS\java\autism-client-addons\src\main\java\autismclient\util\macro\HClipAction.java:750: 
error: cannot find symbol
      private static boolean isPositionLoaded(LocalPlayer player, Vec3 pos) {
                                                                  ^
    symbol:   class Vec3
    location: class HClipAction
  C:\Users\User\Documents\MODS\java\autism-client-addons\src\main\java\autismclient\util\macro\HClipAction.java:754: 
error: cannot find symbol
      private static boolean hasClearHorizontalPath(LocalPlayer player, Vec3 from, Vec3 to) {
                                                    ^
    symbol:   class LocalPlayer
    location: class HClipAction
  C:\Users\User\Documents\MODS\java\autism-client-addons\src\main\java\autismclient\util\macro\HClipAction.java:754: 
error: cannot find symbol
      private static boolean hasClearHorizontalPath(LocalPlayer player, Vec3 from, Vec3 to) {
                                                                        ^
    symbol:   class Vec3
    location: class HClipAction
  C:\Users\User\Documents\MODS\java\autism-client-addons\src\main\java\autismclient\util\macro\HClipAction.java:754: 
error: cannot find symbol
      private static boolean hasClearHorizontalPath(LocalPlayer player, Vec3 from, Vec3 to) {
                                                                                   ^
    symbol:   class Vec3
    location: class HClipAction
  C:\Users\User\Documents\MODS\java\autism-client-addons\src\main\java\autismclient\util\macro\HClipAction.java:767: 
error: cannot find symbol
      private static boolean isPositionClear(LocalPlayer player, Vec3 pos) {
                                             ^
    symbol:   class LocalPlayer
    location: class HClipAction
  C:\Users\User\Documents\MODS\java\autism-client-addons\src\main\java\autismclient\util\macro\HClipAction.java:767: 
error: cannot find symbol
      private static boolean isPositionClear(LocalPlayer player, Vec3 pos) {
                                                                 ^
    symbol:   class Vec3
    location: class HClipAction
  C:\Users\User\Documents\MODS\java\autism-client-addons\src\main\java\autismclient\util\macro\HClipAction.java:869: 
error: cannot find symbol
      public CompoundTag toTag() {
             ^
    symbol:   class CompoundTag
    location: class HClipAction
  C:\Users\User\Documents\MODS\java\autism-client-addons\src\main\java\autismclient\util\macro\HClipAction.java:888: 
error: cannot find symbol
      public void fromTag(CompoundTag tag) {
                          ^
    symbol:   class CompoundTag
    location: class HClipAction
  C:\Users\User\Documents\MODS\java\autism-client-addons\src\main\java\autismclient\util\macro\HClipAction.java:773: 
error: cannot find symbol
          static ClipFrame create(double deltaX, double deltaZ, double blocks, Vec3 target) {
                                                                               ^
    symbol:   class Vec3
    location: class ClipFrame
  C:\Users\User\Documents\MODS\java\autism-client-addons\src\main\java\autismclient\util\macro\HClipAction.java:845: 
error: cannot find symbol
          static HClipPlan ok(double originY, List<Vec3> waypoints) { return ok(originY, waypoints, "ok"); }
                                                   ^
    symbol:   class Vec3
    location: class HClipPlan
  C:\Users\User\Documents\MODS\java\autism-client-addons\src\main\java\autismclient\util\macro\HClipAction.java:846: 
error: cannot find symbol
          static HClipPlan ok(double originY, List<Vec3> waypoints, String message) { return new HClipPlan(true, 
originY, List.copyOf(waypoints), message); }
                                                   ^
    symbol:   class Vec3
    location: class HClipPlan
  C:\Users\User\Documents\MODS\java\autism-client-addons\src\main\java\autismclient\util\macro\HClipAction.java:798: 
error: cannot find symbol
          static RouteCacheKey create(LocalPlayer player, Vec3 start, Vec3 target, int radius, int verticalRange, int 
routeCap) {
                                      ^
    symbol:   class LocalPlayer
    location: class RouteCacheKey
  C:\Users\User\Documents\MODS\java\autism-client-addons\src\main\java\autismclient\util\macro\HClipAction.java:798: 
error: cannot find symbol
          static RouteCacheKey create(LocalPlayer player, Vec3 start, Vec3 target, int radius, int verticalRange, int 
routeCap) {
                                                          ^
    symbol:   class Vec3
    location: class RouteCacheKey
  C:\Users\User\Documents\MODS\java\autism-client-addons\src\main\java\autismclient\util\macro\HClipAction.java:798: 
error: cannot find symbol
          static RouteCacheKey create(LocalPlayer player, Vec3 start, Vec3 target, int radius, int verticalRange, int 
routeCap) {
                                                                      ^
    symbol:   class Vec3
    location: class RouteCacheKey
  C:\Users\User\Documents\MODS\java\autism-client-addons\src\main\java\autismclient\util\macro\MacroAction.java:9: 
error: cannot find symbol
      void execute(Minecraft mc);
                   ^
    symbol:   class Minecraft
    location: interface MacroAction
  C:\Users\User\Documents\MODS\java\autism-client-addons\src\main\java\autismclient\util\macro\MacroAction.java:11: 
error: cannot find symbol
      CompoundTag toTag();
      ^
    symbol:   class CompoundTag
    location: interface MacroAction
  C:\Users\User\Documents\MODS\java\autism-client-addons\src\main\java\autismclient\util\macro\MacroAction.java:12: 
error: cannot find symbol
      void fromTag(CompoundTag tag);
                   ^
    symbol:   class CompoundTag
    location: interface MacroAction
  C:\Users\User\Documents\MODS\java\autism-client-addons\src\main\java\autismclient\commands\impl\NbtCommand.java:35: 
error: cannot find symbol
      private static ItemStack held() {
                     ^
    symbol:   class ItemStack
    location: class NbtCommand
1 actionable task: 1 executed
  C:\Users\User\Documents\MODS\java\autism-client-addons\src\main\java\autismclient\util\macro\ToggleModuleAction.java:
59: error: cannot find symbol
      public void execute(Minecraft mc) {
                          ^
    symbol:   class Minecraft
    location: class ToggleModuleAction
  C:\Users\User\Documents\MODS\java\autism-client-addons\src\main\java\autismclient\util\macro\ToggleModuleAction.java:
72: error: cannot find symbol
      public CompoundTag toTag() {
             ^
    symbol:   class CompoundTag
    location: class ToggleModuleAction
  C:\Users\User\Documents\MODS\java\autism-client-addons\src\main\java\autismclient\util\macro\ToggleModuleAction.java:
87: error: cannot find symbol
      public void fromTag(CompoundTag tag) {
                          ^
    symbol:   class CompoundTag
    location: class ToggleModuleAction
  C:\Users\User\Documents\MODS\java\autism-client-addons\src\main\java\autismclient\util\macro\ToggleModuleAction.java:
26: error: cannot find symbol
          public CompoundTag toTag() {
                 ^
    symbol:   class CompoundTag
    location: class ModuleEntry
  C:\Users\User\Documents\MODS\java\autism-client-addons\src\main\java\autismclient\util\macro\ToggleModuleAction.java:
33: error: cannot find symbol
          public static ModuleEntry fromTag(CompoundTag tag) {
                                            ^
    symbol:   class CompoundTag
    location: class ModuleEntry
  C:\Users\User\Documents\MODS\java\autism-client-addons\src\main\java\autismclient\util\macro\VClipAction.java:62: 
error: cannot find symbol
      public void execute(Minecraft mc) {
                          ^
    symbol:   class Minecraft
    location: class VClipAction
  C:\Users\User\Documents\MODS\java\autism-client-addons\src\main\java\autismclient\util\macro\VClipAction.java:75: 
error: cannot find symbol
      public static Result perform(Minecraft mc, Options options) {
                                   ^
    symbol:   class Minecraft
    location: class VClipAction
  C:\Users\User\Documents\MODS\java\autism-client-addons\src\main\java\autismclient\util\macro\VClipAction.java:138: 
error: cannot find symbol
      private static AutoVerticalTarget resolveAutoVerticalTarget(LocalPlayer player, Mode mode) {
                                                                  ^
    symbol:   class LocalPlayer
    location: class VClipAction
  C:\Users\User\Documents\MODS\java\autism-client-addons\src\main\java\autismclient\util\macro\VClipAction.java:144: 
error: cannot find symbol
      private static AutoVerticalTarget resolveTopTarget(LocalPlayer player) {
                                                         ^
    symbol:   class LocalPlayer
    location: class VClipAction
  C:\Users\User\Documents\MODS\java\autism-client-addons\src\main\java\autismclient\util\macro\VClipAction.java:162: 
error: cannot find symbol
      private static AutoVerticalTarget resolveBottomTarget(LocalPlayer player) {
                                                            ^
    symbol:   class LocalPlayer
    location: class VClipAction
  C:\Users\User\Documents\MODS\java\autism-client-addons\src\main\java\autismclient\util\macro\VClipAction.java:174: 
error: cannot find symbol
      private static boolean isPositionLoaded(LocalPlayer player, Vec3 pos) {
                                              ^
    symbol:   class LocalPlayer
    location: class VClipAction
  C:\Users\User\Documents\MODS\java\autism-client-addons\src\main\java\autismclient\util\macro\VClipAction.java:174: 
error: cannot find symbol
      private static boolean isPositionLoaded(LocalPlayer player, Vec3 pos) {
                                                                  ^
    symbol:   class Vec3
    location: class VClipAction
  C:\Users\User\Documents\MODS\java\autism-client-addons\src\main\java\autismclient\util\macro\VClipAction.java:178: 
error: cannot find symbol
      private static boolean isPositionClear(LocalPlayer player, Vec3 pos) {
                                             ^
    symbol:   class LocalPlayer
    location: class VClipAction
  C:\Users\User\Documents\MODS\java\autism-client-addons\src\main\java\autismclient\util\macro\VClipAction.java:178: 
error: cannot find symbol
      private static boolean isPositionClear(LocalPlayer player, Vec3 pos) {
                                                                 ^
    symbol:   class Vec3
    location: class VClipAction
  C:\Users\User\Documents\MODS\java\autism-client-addons\src\main\java\autismclient\util\macro\VClipAction.java:183: 
error: cannot find symbol
      private static boolean hasSupportBelow(LocalPlayer player, Vec3 pos) {
                                             ^
    symbol:   class LocalPlayer
    location: class VClipAction
  C:\Users\User\Documents\MODS\java\autism-client-addons\src\main\java\autismclient\util\macro\VClipAction.java:183: 
error: cannot find symbol
      private static boolean hasSupportBelow(LocalPlayer player, Vec3 pos) {
                                                                 ^
    symbol:   class Vec3
    location: class VClipAction
  C:\Users\User\Documents\MODS\java\autism-client-addons\src\main\java\autismclient\util\macro\VClipAction.java:189: 
error: cannot find symbol
      private static int sendFallSafeDownClip(Minecraft mc, LocalPlayer player, double x, double y, double z, double 
blocks, boolean updateLocalPosition) {
                                              ^
    symbol:   class Minecraft
    location: class VClipAction
  C:\Users\User\Documents\MODS\java\autism-client-addons\src\main\java\autismclient\util\macro\VClipAction.java:189: 
error: cannot find symbol
      private static int sendFallSafeDownClip(Minecraft mc, LocalPlayer player, double x, double y, double z, double 
blocks, boolean updateLocalPosition) {
                                                            ^
    symbol:   class LocalPlayer
    location: class VClipAction
  C:\Users\User\Documents\MODS\java\autism-client-addons\src\main\java\autismclient\util\macro\VClipAction.java:206: 
error: cannot find symbol
      private static void clearLocalFallState(LocalPlayer player) {
                                              ^
    symbol:   class LocalPlayer
    location: class VClipAction
  C:\Users\User\Documents\MODS\java\autism-client-addons\src\main\java\autismclient\util\macro\VClipAction.java:215: 
error: cannot find symbol
      public CompoundTag toTag() {
             ^
    symbol:   class CompoundTag
    location: class VClipAction
  C:\Users\User\Documents\MODS\java\autism-client-addons\src\main\java\autismclient\util\macro\VClipAction.java:231: 
error: cannot find symbol
      public void fromTag(CompoundTag tag) {
                          ^
    symbol:   class CompoundTag
    location: class VClipAction
  100 errors

* Try:
> Check your code and dependencies to fix the compilation error(s)
> Run with --scan to get full insights from a Build Scan (powered by Develocity).

BUILD FAILED in 22s
